#### A masked pattern was here ####
PREHOOK: type: CREATEDATABASE
#### A masked pattern was here ####
POSTHOOK: type: CREATEDATABASE
PREHOOK: query: DESCRIBE DATABASE db1
PREHOOK: type: DESCDATABASE
POSTHOOK: query: DESCRIBE DATABASE db1
POSTHOOK: type: DESCDATABASE
#### A masked pattern was here ####
PREHOOK: query: DESCRIBE DATABASE EXTENDED db1
PREHOOK: type: DESCDATABASE
POSTHOOK: query: DESCRIBE DATABASE EXTENDED db1
POSTHOOK: type: DESCDATABASE
#### A masked pattern was here ####
PREHOOK: query: DROP DATABASE db1
PREHOOK: type: DROPDATABASE
POSTHOOK: query: DROP DATABASE db1
POSTHOOK: type: DROPDATABASE
PREHOOK: query: CREATE DATABASE db1
PREHOOK: type: CREATEDATABASE
POSTHOOK: query: CREATE DATABASE db1
POSTHOOK: type: CREATEDATABASE
PREHOOK: query: DESCRIBE DATABASE db1
PREHOOK: type: DESCDATABASE
POSTHOOK: query: DESCRIBE DATABASE db1
POSTHOOK: type: DESCDATABASE
#### A masked pattern was here ####
PREHOOK: query: DESCRIBE DATABASE EXTENDED db1
PREHOOK: type: DESCDATABASE
POSTHOOK: query: DESCRIBE DATABASE EXTENDED db1
POSTHOOK: type: DESCDATABASE
#### A masked pattern was here ####
PREHOOK: query: DROP DATABASE db1
PREHOOK: type: DROPDATABASE
POSTHOOK: query: DROP DATABASE db1
POSTHOOK: type: DROPDATABASE
