PREHOOK: query: drop table tstsrc
PREHOOK: type: DROPTABLE
POSTHOOK: query: drop table tstsrc
POSTHOOK: type: DROPTABLE
PREHOOK: query: create table tstsrc like src
PREHOOK: type: CREATETABLE
POSTHOOK: query: create table tstsrc like src
POSTHOOK: type: CREATETABLE
POSTHOOK: Output: default@tstsrc
PREHOOK: query: insert overwrite table tstsrc
select key, value from src
PREHOOK: type: QUERY
PREHOOK: Input: default@src
PREHOOK: Output: default@tstsrc
Execution failed with exit status: 1
Obtaining error information

Task failed!
Task ID:
  Stage-1

Logs:

#### A masked pattern was here ####
FAILED: Execution Error, return code 1 from org.apache.hadoop.hive.ql.exec.MapRedTask
